[2025-06-05 00:40:29] Starting Starlink Monitor
[2025-06-05 00:40:29] DEBUG: Fetched status data: {'id': 'ut50c08186-46c0081c-d8aee28d', 'hardware version': 'rev4_panda_prod1', 'software version': '2025.05.22.mr56213', 'state': 'CONNECTED', 'uptime': '159243', 'snr': '0', 'seconds to first nonempty slot': '0.0', 'pop ping drop rate': '0.0', 'downlink throughput bps': '4322708.5', 'uplink throughput bps': '55113.15625', 'pop ping latency ms': '22.269498825073242', 'alerts bit field': '128', 'fraction obstructed': '0.0972137451171875', 'currently obstructed': 'False', 'seconds obstructed': '0', 'obstruction duration': '4.556092262268066', 'obstruction interval': '1199.9998779296875', 'direction azimuth': '-0.5409032106399536', 'direction elevation': '60.46565628051758', 'is snr above noise floor': 'True', 'gps ready': 'True', 'gps enabled': 'True', 'gps sats': '11'}
[2025-06-05 00:40:29] DEBUG: Available keys: ['id', 'hardware version', 'software version', 'state', 'uptime', 'snr', 'seconds to first nonempty slot', 'pop ping drop rate', 'downlink throughput bps', 'uplink throughput bps', 'pop ping latency ms', 'alerts bit field', 'fraction obstructed', 'currently obstructed', 'seconds obstructed', 'obstruction duration', 'obstruction interval', 'direction azimuth', 'direction elevation', 'is snr above noise floor', 'gps ready', 'gps enabled', 'gps sats']
[2025-06-05 00:40:30] DEBUG: Fetched ping_drop data: {'parsed samples': '900', 'sample counter': '159225', 'total ping drop': '0.7952381074428558', 'count of drop == 1': '0', 'obstructed': '0', 'obstructed ping drop': '0.0', 'obstructed drop == 1': '0', 'unscheduled': '0', 'unscheduled ping drop': '0.0', 'unscheduled drop == 1': '0', 'current counter': '159225', 'all samples': '900', 'valid samples': '900'}
[2025-06-05 00:40:30] DEBUG: Available keys: ['parsed samples', 'sample counter', 'total ping drop', 'count of drop == 1', 'obstructed', 'obstructed ping drop', 'obstructed drop == 1', 'unscheduled', 'unscheduled ping drop', 'unscheduled drop == 1', 'current counter', 'all samples', 'valid samples']
[2025-06-05 00:40:30] DEBUG: Status data: {'id': 'ut50c08186-46c0081c-d8aee28d', 'hardware version': 'rev4_panda_prod1', 'software version': '2025.05.22.mr56213', 'state': 'CONNECTED', 'uptime': '159243', 'snr': '0', 'seconds to first nonempty slot': '0.0', 'pop ping drop rate': '0.0', 'downlink throughput bps': '4322708.5', 'uplink throughput bps': '55113.15625', 'pop ping latency ms': '22.269498825073242', 'alerts bit field': '128', 'fraction obstructed': '0.0972137451171875', 'currently obstructed': 'False', 'seconds obstructed': '0', 'obstruction duration': '4.556092262268066', 'obstruction interval': '1199.9998779296875', 'direction azimuth': '-0.5409032106399536', 'direction elevation': '60.46565628051758', 'is snr above noise floor': 'True', 'gps ready': 'True', 'gps enabled': 'True', 'gps sats': '11'}
[2025-06-05 00:40:30] DEBUG: Ping data: {'parsed samples': '900', 'sample counter': '159225', 'total ping drop': '0.7952381074428558', 'count of drop == 1': '0', 'obstructed': '0', 'obstructed ping drop': '0.0', 'obstructed drop == 1': '0', 'unscheduled': '0', 'unscheduled ping drop': '0.0', 'unscheduled drop == 1': '0', 'current counter': '159225', 'all samples': '900', 'valid samples': '900'}
[2025-06-05 00:40:30] DEBUG: Unmapped keys in status_data: ['id', 'state', 'seconds to first nonempty slot', 'uplink throughput bps', 'alerts bit field', 'fraction obstructed', 'currently obstructed', 'seconds obstructed', 'obstruction duration', 'obstruction interval', 'direction azimuth', 'direction elevation', 'gps ready', 'gps enabled']
[2025-06-05 00:40:30] DEBUG: Rendered dashboard with 11 lines, max length 191
[2025-06-05 00:40:31] DEBUG: Fetched status data: {'id': 'ut50c08186-46c0081c-d8aee28d', 'hardware version': 'rev4_panda_prod1', 'software version': '2025.05.22.mr56213', 'state': 'CONNECTED', 'uptime': '159245', 'snr': '0', 'seconds to first nonempty slot': '0.0', 'pop ping drop rate': '0.0', 'downlink throughput bps': '3957443.25', 'uplink throughput bps': '73500.984375', 'pop ping latency ms': '23.1567440032959', 'alerts bit field': '128', 'fraction obstructed': '0.0972137451171875', 'currently obstructed': 'False', 'seconds obstructed': '0', 'obstruction duration': '4.556092262268066', 'obstruction interval': '1199.9998779296875', 'direction azimuth': '-0.6305939555168152', 'direction elevation': '60.47941589355469', 'is snr above noise floor': 'True', 'gps ready': 'True', 'gps enabled': 'True', 'gps sats': '11'}
[2025-06-05 00:40:31] DEBUG: Available keys: ['id', 'hardware version', 'software version', 'state', 'uptime', 'snr', 'seconds to first nonempty slot', 'pop ping drop rate', 'downlink throughput bps', 'uplink throughput bps', 'pop ping latency ms', 'alerts bit field', 'fraction obstructed', 'currently obstructed', 'seconds obstructed', 'obstruction duration', 'obstruction interval', 'direction azimuth', 'direction elevation', 'is snr above noise floor', 'gps ready', 'gps enabled', 'gps sats']
[2025-06-05 00:40:32] DEBUG: Fetched ping_drop data: {'parsed samples': '900', 'sample counter': '159226', 'total ping drop': '0.7952381074428558', 'count of drop == 1': '0', 'obstructed': '0', 'obstructed ping drop': '0.0', 'obstructed drop == 1': '0', 'unscheduled': '0', 'unscheduled ping drop': '0.0', 'unscheduled drop == 1': '0', 'current counter': '159226', 'all samples': '900', 'valid samples': '900'}
[2025-06-05 00:40:32] DEBUG: Available keys: ['parsed samples', 'sample counter', 'total ping drop', 'count of drop == 1', 'obstructed', 'obstructed ping drop', 'obstructed drop == 1', 'unscheduled', 'unscheduled ping drop', 'unscheduled drop == 1', 'current counter', 'all samples', 'valid samples']
[2025-06-05 00:40:32] DEBUG: Status data: {'id': 'ut50c08186-46c0081c-d8aee28d', 'hardware version': 'rev4_panda_prod1', 'software version': '2025.05.22.mr56213', 'state': 'CONNECTED', 'uptime': '159245', 'snr': '0', 'seconds to first nonempty slot': '0.0', 'pop ping drop rate': '0.0', 'downlink throughput bps': '3957443.25', 'uplink throughput bps': '73500.984375', 'pop ping latency ms': '23.1567440032959', 'alerts bit field': '128', 'fraction obstructed': '0.0972137451171875', 'currently obstructed': 'False', 'seconds obstructed': '0', 'obstruction duration': '4.556092262268066', 'obstruction interval': '1199.9998779296875', 'direction azimuth': '-0.6305939555168152', 'direction elevation': '60.47941589355469', 'is snr above noise floor': 'True', 'gps ready': 'True', 'gps enabled': 'True', 'gps sats': '11'}
[2025-06-05 00:40:32] DEBUG: Ping data: {'parsed samples': '900', 'sample counter': '159226', 'total ping drop': '0.7952381074428558', 'count of drop == 1': '0', 'obstructed': '0', 'obstructed ping drop': '0.0', 'obstructed drop == 1': '0', 'unscheduled': '0', 'unscheduled ping drop': '0.0', 'unscheduled drop == 1': '0', 'current counter': '159226', 'all samples': '900', 'valid samples': '900'}
[2025-06-05 00:40:32] DEBUG: Unmapped keys in status_data: ['id', 'state', 'seconds to first nonempty slot', 'uplink throughput bps', 'alerts bit field', 'fraction obstructed', 'currently obstructed', 'seconds obstructed', 'obstruction duration', 'obstruction interval', 'direction azimuth', 'direction elevation', 'gps ready', 'gps enabled']
[2025-06-05 00:40:32] DEBUG: Rendered dashboard with 11 lines, max length 191
[2025-06-05 00:40:33] DEBUG: Fetched status data: {'id': 'ut50c08186-46c0081c-d8aee28d', 'hardware version': 'rev4_panda_prod1', 'software version': '2025.05.22.mr56213', 'state': 'CONNECTED', 'uptime': '159246', 'snr': '0', 'seconds to first nonempty slot': '0.0', 'pop ping drop rate': '0.0', 'downlink throughput bps': '4221995.0', 'uplink throughput bps': '137011.140625', 'pop ping latency ms': '24.004180908203125', 'alerts bit field': '128', 'fraction obstructed': '0.0972137451171875', 'currently obstructed': 'False', 'seconds obstructed': '0', 'obstruction duration': '4.556092262268066', 'obstruction interval': '1199.9998779296875', 'direction azimuth': '-0.5475410223007202', 'direction elevation': '60.50245666503906', 'is snr above noise floor': 'True', 'gps ready': 'True', 'gps enabled': 'True', 'gps sats': '11'}
[2025-06-05 00:40:33] DEBUG: Available keys: ['id', 'hardware version', 'software version', 'state', 'uptime', 'snr', 'seconds to first nonempty slot', 'pop ping drop rate', 'downlink throughput bps', 'uplink throughput bps', 'pop ping latency ms', 'alerts bit field', 'fraction obstructed', 'currently obstructed', 'seconds obstructed', 'obstruction duration', 'obstruction interval', 'direction azimuth', 'direction elevation', 'is snr above noise floor', 'gps ready', 'gps enabled', 'gps sats']
[2025-06-05 00:40:33] DEBUG: Monitor stopped by user
